Calculating task graph as no cached configuration is available for tasks: :composeApp:compileKotlinJvm
Type-safe project accessors is an incubating feature.
> Task :composeApp:kmpPartiallyResolvedDependenciesChecker
> Task :common:kmpPartiallyResolvedDependenciesChecker
> Task :common:checkKotlinGradlePluginConfigurationErrors SKIPPED
> Task :composeApp:checkKotlinGradlePluginConfigurationErrors SKIPPED
> Task :aiService:kmpPartiallyResolvedDependenciesChecker
> Task :aiService:checkKotlinGradlePluginConfigurationErrors SKIPPED
> Task :domain:kmpPartiallyResolvedDependenciesChecker
> Task :domain:checkKotlinGradlePluginConfigurationErrors SKIPPED
> Task :common:jvmProcessResources NO-SOURCE
> Task :common:processJvmMainResources SKIPPED
> Task :data:kmpPartiallyResolvedDependenciesChecker
> Task :data:checkKotlinGradlePluginConfigurationErrors SKIPPED
> Task :kizzy:kmpPartiallyResolvedDependenciesChecker
> Task :composeApp:copyNonXmlValueResourcesForJvmMain NO-SOURCE
> Task :kizzy:checkKotlinGradlePluginConfigurationErrors SKIPPED
> Task :composeApp:convertXmlValueResourcesForJvmMain NO-SOURCE
> Task :composeApp:prepareComposeResourcesTaskForJvmMain NO-SOURCE
> Task :ktorExt:kmpPartiallyResolvedDependenciesChecker
> Task :ktorExt:checkKotlinGradlePluginConfigurationErrors SKIPPED
> Task :composeApp:generateResourceAccessorsForJvmMain NO-SOURCE
> Task :ktorExt:jvmProcessResources NO-SOURCE
> Task :ktorExt:processJvmMainResources SKIPPED
> Task :kizzy:jvmProcessResources NO-SOURCE
> Task :kizzy:processJvmMainResources SKIPPED
> Task :kotlinYtmusicScraper:kmpPartiallyResolvedDependenciesChecker
> Task :kotlinYtmusicScraper:checkKotlinGradlePluginConfigurationErrors SKIPPED
> Task :kotlinYtmusicScraper:jvmProcessResources NO-SOURCE
> Task :aiService:jvmProcessResources NO-SOURCE
> Task :kotlinYtmusicScraper:processJvmMainResources SKIPPED
> Task :aiService:processJvmMainResources SKIPPED
> Task :lyricsService:jvmProcessResources NO-SOURCE
> Task :lyricsService:kmpPartiallyResolvedDependenciesChecker
> Task :lyricsService:processJvmMainResources SKIPPED
> Task :lyricsService:checkKotlinGradlePluginConfigurationErrors SKIPPED
> Task :media-jvm:checkKotlinGradlePluginConfigurationErrors SKIPPED
> Task :spotify:kmpPartiallyResolvedDependenciesChecker
> Task :spotify:checkKotlinGradlePluginConfigurationErrors SKIPPED
> Task :media-jvm:processResources NO-SOURCE
> Task :media-jvm-ui:checkKotlinGradlePluginConfigurationErrors SKIPPED
> Task :spotify:jvmProcessResources NO-SOURCE
> Task :spotify:processJvmMainResources SKIPPED
> Task :media-jvm-ui:processResources NO-SOURCE
> Task :composeApp:generateExpectResourceCollectorsForCommonMain
> Task :composeApp:generateComposeResClass
> Task :composeApp:generateBuildKonfig
> Task :composeApp:convertXmlValueResourcesForCommonMain
> Task :composeApp:copyNonXmlValueResourcesForCommonMain
> Task :composeApp:prepareComposeResourcesTaskForCommonMain UP-TO-DATE
> Task :composeApp:generateResourceAccessorsForCommonMain
> Task :composeApp:generateActualResourceCollectorsForJvmMain

> Task :common:compileKotlinJvm
w: file:///D:/codes/ytmusic/ytmusic/core/common/src/commonMain/kotlin/com/maxrave/logger/Logger.kt:12:16 'fun d(withTag: String, throwable: Throwable? = ..., message: () -> String): Unit' is deprecated. Prefer the throwable-first overload and pass the tag using the named `tag` parameter.
w: file:///D:/codes/ytmusic/ytmusic/core/common/src/commonMain/kotlin/com/maxrave/logger/Logger.kt:24:16 'fun i(withTag: String, throwable: Throwable? = ..., message: () -> String): Unit' is deprecated. Prefer the throwable-first overload and pass the tag using the named `tag` parameter.
w: file:///D:/codes/ytmusic/ytmusic/core/common/src/commonMain/kotlin/com/maxrave/logger/Logger.kt:31:16 'fun w(withTag: String, throwable: Throwable? = ..., message: () -> String): Unit' is deprecated. Prefer the throwable-first overload and pass the tag using the named `tag` parameter.
w: file:///D:/codes/ytmusic/ytmusic/core/common/src/commonMain/kotlin/com/maxrave/logger/Logger.kt:39:16 'fun e(withTag: String, throwable: Throwable? = ..., message: () -> String): Unit' is deprecated. Prefer the throwable-first overload and pass the tag using the named `tag` parameter.

> Task :ktorExt:compileKotlinJvm
> Task :ktorExt:compileJvmMainJava NO-SOURCE
> Task :ktorExt:jvmMainClasses
> Task :ktorExt:jvmJar
> Task :common:compileJvmMainJava NO-SOURCE
> Task :common:jvmMainClasses
> Task :common:jvmJar
> Task :domain:kspKotlinJvm SKIPPED
> Task :domain:jvmProcessResources NO-SOURCE
> Task :domain:processJvmMainResources SKIPPED
> Task :spotify:compileKotlinJvm
> Task :spotify:compileJvmMainJava NO-SOURCE
> Task :spotify:jvmMainClasses
> Task :spotify:jvmJar

> Task :domain:compileKotlinJvm
w: file:///D:/codes/ytmusic/ytmusic/core/domain/src/commonMain/kotlin/com/maxrave/domain/utils/ModelToEntity.kt:133:79 Unnecessary safe call on a non-null receiver of type 'String'.
w: file:///D:/codes/ytmusic/ytmusic/core/domain/src/commonMain/kotlin/com/maxrave/domain/utils/ModelToEntity.kt:142:72 Elvis operator (?:) always returns the left operand of non-nullable type 'String'.

> Task :domain:compileJvmMainJava NO-SOURCE
> Task :domain:jvmMainClasses
> Task :domain:jvmJar UP-TO-DATE
> Task :aiService:compileKotlinJvm
> Task :aiService:compileJvmMainJava NO-SOURCE
> Task :aiService:jvmMainClasses
> Task :aiService:jvmJar
> Task :lyricsService:compileKotlinJvm
> Task :lyricsService:compileJvmMainJava NO-SOURCE
> Task :lyricsService:jvmMainClasses
> Task :lyricsService:jvmJar
> Task :kizzy:compileKotlinJvm
> Task :kizzy:compileJvmMainJava NO-SOURCE
> Task :kizzy:jvmMainClasses
> Task :kizzy:jvmJar

> Task :media-jvm:compileKotlin
w: The argument '-Xwhen-guards' is redundant for the current language version 2.3.

> Task :media-jvm:compileJava NO-SOURCE
> Task :media-jvm:classes UP-TO-DATE
> Task :media-jvm:jar
> Task :kotlinYtmusicScraper:compileKotlinJvm
> Task :media-jvm-ui:compileKotlin
> Task :media-jvm-ui:compileJava NO-SOURCE
> Task :media-jvm-ui:classes UP-TO-DATE
> Task :media-jvm-ui:jar

> Task :kotlinYtmusicScraper:compileKotlinJvm
w: file:///D:/codes/ytmusic/ytmusic/core/service/kotlinYtmusicScraper/src/commonMain/kotlin/com/maxrave/kotlinytmusicscraper/YouTube.kt:549:33 Unnecessary safe call on a non-null receiver of type 'BrowseResponse.Header'.
w: file:///D:/codes/ytmusic/ytmusic/core/service/kotlinYtmusicScraper/src/commonMain/kotlin/com/maxrave/kotlinytmusicscraper/YouTube.kt:554:37 Unnecessary safe call on a non-null receiver of type 'BrowseResponse.Header'.
w: file:///D:/codes/ytmusic/ytmusic/core/service/kotlinYtmusicScraper/src/commonMain/kotlin/com/maxrave/kotlinytmusicscraper/YouTube.kt:560:33 Unnecessary safe call on a non-null receiver of type 'BrowseResponse.Header'.
w: file:///D:/codes/ytmusic/ytmusic/core/service/kotlinYtmusicScraper/src/commonMain/kotlin/com/maxrave/kotlinytmusicscraper/YouTube.kt:567:33 Unnecessary safe call on a non-null receiver of type 'BrowseResponse.Header'.
w: file:///D:/codes/ytmusic/ytmusic/core/service/kotlinYtmusicScraper/src/commonMain/kotlin/com/maxrave/kotlinytmusicscraper/YouTube.kt:585:25 Unnecessary safe call on a non-null receiver of type 'BrowseResponse.Header'.
w: file:///D:/codes/ytmusic/ytmusic/core/service/kotlinYtmusicScraper/src/commonMain/kotlin/com/maxrave/kotlinytmusicscraper/YouTube.kt:592:25 Unnecessary safe call on a non-null receiver of type 'BrowseResponse.Header'.
w: file:///D:/codes/ytmusic/ytmusic/core/service/kotlinYtmusicScraper/src/commonMain/kotlin/com/maxrave/kotlinytmusicscraper/models/MusicTwoRowItemRenderer.kt:27:31 Unnecessary safe call on a non-null receiver of type 'NavigationEndpoint'.
w: file:///D:/codes/ytmusic/ytmusic/core/service/kotlinYtmusicScraper/src/commonMain/kotlin/com/maxrave/kotlinytmusicscraper/models/MusicTwoRowItemRenderer.kt:34:33 Unnecessary safe call on a non-null receiver of type 'ThumbnailRenderer'.
w: file:///D:/codes/ytmusic/ytmusic/core/service/kotlinYtmusicScraper/src/commonMain/kotlin/com/maxrave/kotlinytmusicscraper/models/MusicTwoRowItemRenderer.kt:44:17 Unnecessary safe call on a non-null receiver of type 'NavigationEndpoint'.
w: file:///D:/codes/ytmusic/ytmusic/core/service/kotlinYtmusicScraper/src/commonMain/kotlin/com/maxrave/kotlinytmusicscraper/models/MusicTwoRowItemRenderer.kt:53:17 Unnecessary safe call on a non-null receiver of type 'NavigationEndpoint'.
w: file:///D:/codes/ytmusic/ytmusic/core/service/kotlinYtmusicScraper/src/commonMain/kotlin/com/maxrave/kotlinytmusicscraper/models/MusicTwoRowItemRenderer.kt:59:21 Unnecessary safe call on a non-null receiver of type 'NavigationEndpoint'.
w: file:///D:/codes/ytmusic/ytmusic/core/service/kotlinYtmusicScraper/src/commonMain/kotlin/com/maxrave/kotlinytmusicscraper/models/MusicTwoRowItemRenderer.kt:67:17 Unnecessary safe call on a non-null receiver of type 'NavigationEndpoint'.
w: file:///D:/codes/ytmusic/ytmusic/core/service/kotlinYtmusicScraper/src/commonMain/kotlin/com/maxrave/kotlinytmusicscraper/models/MusicTwoRowItemRenderer.kt:74:31 Unnecessary safe call on a non-null receiver of type 'NavigationEndpoint'.
w: file:///D:/codes/ytmusic/ytmusic/core/service/kotlinYtmusicScraper/src/commonMain/kotlin/com/maxrave/kotlinytmusicscraper/models/MusicTwoRowItemRenderer.kt:81:33 Unnecessary safe call on a non-null receiver of type 'ThumbnailRenderer'.
w: file:///D:/codes/ytmusic/ytmusic/core/service/kotlinYtmusicScraper/src/commonMain/kotlin/com/maxrave/kotlinytmusicscraper/pages/NewReleaseAlbumPage.kt:12:51 Unnecessary safe call on a non-null receiver of type 'NavigationEndpoint'.
w: file:///D:/codes/ytmusic/ytmusic/core/service/kotlinYtmusicScraper/src/commonMain/kotlin/com/maxrave/kotlinytmusicscraper/pages/NewReleaseAlbumPage.kt:23:21 Unnecessary safe call on a non-null receiver of type 'Runs'.
w: file:///D:/codes/ytmusic/ytmusic/core/service/kotlinYtmusicScraper/src/commonMain/kotlin/com/maxrave/kotlinytmusicscraper/pages/NewReleaseAlbumPage.kt:38:51 Unnecessary safe call on a non-null receiver of type 'ThumbnailRenderer'.
w: file:///D:/codes/ytmusic/ytmusic/core/service/kotlinYtmusicScraper/src/commonMain/kotlin/com/maxrave/kotlinytmusicscraper/pages/RelatedPage.kt:78:57 Unnecessary safe call on a non-null receiver of type 'NavigationEndpoint'.
w: file:///D:/codes/ytmusic/ytmusic/core/service/kotlinYtmusicScraper/src/commonMain/kotlin/com/maxrave/kotlinytmusicscraper/pages/RelatedPage.kt:81:33 Unnecessary safe call on a non-null receiver of type 'Runs'.
w: file:///D:/codes/ytmusic/ytmusic/core/service/kotlinYtmusicScraper/src/commonMain/kotlin/com/maxrave/kotlinytmusicscraper/pages/RelatedPage.kt:101:63 Unnecessary safe call on a non-null receiver of type 'ThumbnailRenderer'.
w: file:///D:/codes/ytmusic/ytmusic/core/service/kotlinYtmusicScraper/src/commonMain/kotlin/com/maxrave/kotlinytmusicscraper/pages/RelatedPage.kt:107:57 Unnecessary safe call on a non-null receiver of type 'NavigationEndpoint'.
w: file:///D:/codes/ytmusic/ytmusic/core/service/kotlinYtmusicScraper/src/commonMain/kotlin/com/maxrave/kotlinytmusicscraper/pages/RelatedPage.kt:110:33 Unnecessary safe call on a non-null receiver of type 'Runs'.
w: file:///D:/codes/ytmusic/ytmusic/core/service/kotlinYtmusicScraper/src/commonMain/kotlin/com/maxrave/kotlinytmusicscraper/pages/RelatedPage.kt:122:63 Unnecessary safe call on a non-null receiver of type 'ThumbnailRenderer'.
w: file:///D:/codes/ytmusic/ytmusic/core/service/kotlinYtmusicScraper/src/commonMain/kotlin/com/maxrave/kotlinytmusicscraper/pages/RelatedPage.kt:129:56 Unnecessary safe call on a non-null receiver of type 'NavigationEndpoint'.
w: file:///D:/codes/ytmusic/ytmusic/core/service/kotlinYtmusicScraper/src/commonMain/kotlin/com/maxrave/kotlinytmusicscraper/pages/RelatedPage.kt:150:33 Unnecessary safe call on a non-null receiver of type 'Runs'.
w: file:///D:/codes/ytmusic/ytmusic/core/service/kotlinYtmusicScraper/src/commonMain/kotlin/com/maxrave/kotlinytmusicscraper/pages/RelatedPage.kt:161:55 Unnecessary safe call on a non-null receiver of type 'ThumbnailRenderer'.
w: file:///D:/codes/ytmusic/ytmusic/core/service/kotlinYtmusicScraper/src/commonMain/kotlin/com/maxrave/kotlinytmusicscraper/pages/RelatedPage.kt:173:33 Unnecessary safe call on a non-null receiver of type 'NavigationEndpoint'.
w: file:///D:/codes/ytmusic/ytmusic/core/service/kotlinYtmusicScraper/src/commonMain/kotlin/com/maxrave/kotlinytmusicscraper/pages/RelatedPage.kt:179:33 Unnecessary safe call on a non-null receiver of type 'Runs'.
w: file:///D:/codes/ytmusic/ytmusic/core/service/kotlinYtmusicScraper/src/commonMain/kotlin/com/maxrave/kotlinytmusicscraper/pages/RelatedPage.kt:195:55 Unnecessary safe call on a non-null receiver of type 'ThumbnailRenderer'.
w: file:///D:/codes/ytmusic/ytmusic/core/service/kotlinYtmusicScraper/src/commonMain/kotlin/com/maxrave/kotlinytmusicscraper/pages/RelatedPage.kt:235:57 Unnecessary safe call on a non-null receiver of type 'NavigationEndpoint'.
w: file:///D:/codes/ytmusic/ytmusic/core/service/kotlinYtmusicScraper/src/commonMain/kotlin/com/maxrave/kotlinytmusicscraper/pages/RelatedPage.kt:238:33 Unnecessary safe call on a non-null receiver of type 'Runs'.
w: file:///D:/codes/ytmusic/ytmusic/core/service/kotlinYtmusicScraper/src/commonMain/kotlin/com/maxrave/kotlinytmusicscraper/pages/RelatedPage.kt:242:55 Unnecessary safe call on a non-null receiver of type 'ThumbnailRenderer'.
w: file:///D:/codes/ytmusic/ytmusic/core/service/kotlinYtmusicScraper/src/commonMain/kotlin/com/maxrave/kotlinytmusicscraper/parser/PlaylistParser.kt:372:17 Unnecessary safe call on a non-null receiver of type 'MusicResponsiveListItemRenderer'.
w: file:///D:/codes/ytmusic/ytmusic/core/service/kotlinYtmusicScraper/src/commonMain/kotlin/com/maxrave/kotlinytmusicscraper/parser/PlaylistParser.kt:385:49 Unnecessary safe call on a non-null receiver of type 'MusicResponsiveListItemRenderer'.
w: file:///D:/codes/ytmusic/ytmusic/core/service/kotlinYtmusicScraper/src/commonMain/kotlin/com/maxrave/kotlinytmusicscraper/parser/PlaylistParser.kt:390:17 Unnecessary safe call on a non-null receiver of type 'MusicResponsiveListItemRenderer'.
w: file:///D:/codes/ytmusic/ytmusic/core/service/kotlinYtmusicScraper/src/commonMain/kotlin/com/maxrave/kotlinytmusicscraper/parser/PlaylistParser.kt:401:54 Unnecessary safe call on a non-null receiver of type 'MusicResponsiveListItemRenderer'.
w: file:///D:/codes/ytmusic/ytmusic/core/service/kotlinYtmusicScraper/src/jvmMain/kotlin/com/maxrave/kotlinytmusicscraper/extractor/NewPipeUtils.kt:62:49 Unnecessary safe call on a non-null receiver of type 'ResponseBody'.

> Task :kotlinYtmusicScraper:compileJvmMainJava NO-SOURCE
> Task :kotlinYtmusicScraper:jvmMainClasses
> Task :kotlinYtmusicScraper:jvmJar
> Task :data:kspKotlinJvm
> Task :data:jvmProcessResources NO-SOURCE
> Task :data:processJvmMainResources SKIPPED
> Task :data:copyRoomSchemas NO-SOURCE
> Task :data:compileKotlinJvm
w: The argument '-Xmulti-dollar-interpolation' is redundant for the current language version 2.3.
w: The argument '-Xwhen-guards' is redundant for the current language version 2.3.
w: file:///D:/codes/ytmusic/ytmusic/core/data/src/commonMain/kotlin/com/maxrave/data/parser/HomeParser.kt:213:53 Unnecessary safe call on a non-null receiver of type 'ThumbnailRenderer'.
w: file:///D:/codes/ytmusic/ytmusic/core/data/src/commonMain/kotlin/com/maxrave/data/parser/HomeParser.kt:269:53 Unnecessary safe call on a non-null receiver of type 'ThumbnailRenderer'.
w: file:///D:/codes/ytmusic/ytmusic/core/data/src/commonMain/kotlin/com/maxrave/data/parser/HomeParser.kt:297:53 Unnecessary safe call on a non-null receiver of type 'ThumbnailRenderer'.
w: file:///D:/codes/ytmusic/ytmusic/core/data/src/commonMain/kotlin/com/maxrave/data/parser/HomeParser.kt:315:95 Unnecessary safe call on a non-null receiver of type 'NavigationEndpoint'.
w: file:///D:/codes/ytmusic/ytmusic/core/data/src/commonMain/kotlin/com/maxrave/data/parser/HomeParser.kt:323:94 Unnecessary safe call on a non-null receiver of type 'NavigationEndpoint'.
w: file:///D:/codes/ytmusic/ytmusic/core/data/src/commonMain/kotlin/com/maxrave/data/parser/HomeParser.kt:326:49 Unnecessary safe call on a non-null receiver of type 'ThumbnailRenderer'.
w: file:///D:/codes/ytmusic/ytmusic/core/data/src/commonMain/kotlin/com/maxrave/data/parser/HomeParser.kt:333:49 Unnecessary safe call on a non-null receiver of type 'Runs'.
w: file:///D:/codes/ytmusic/ytmusic/core/data/src/commonMain/kotlin/com/maxrave/data/parser/HomeParser.kt:351:79 Unnecessary safe call on a non-null receiver of type 'NavigationEndpoint'.
w: file:///D:/codes/ytmusic/ytmusic/core/data/src/commonMain/kotlin/com/maxrave/data/parser/HomeParser.kt:360:99 Unnecessary safe call on a non-null receiver of type 'NavigationEndpoint'.
w: file:///D:/codes/ytmusic/ytmusic/core/data/src/commonMain/kotlin/com/maxrave/data/parser/HomeParser.kt:368:98 Unnecessary safe call on a non-null receiver of type 'NavigationEndpoint'.
w: file:///D:/codes/ytmusic/ytmusic/core/data/src/commonMain/kotlin/com/maxrave/data/parser/HomeParser.kt:371:53 Unnecessary safe call on a non-null receiver of type 'ThumbnailRenderer'.
w: file:///D:/codes/ytmusic/ytmusic/core/data/src/commonMain/kotlin/com/maxrave/data/parser/HomeParser.kt:378:53 Unnecessary safe call on a non-null receiver of type 'Runs'.
w: file:///D:/codes/ytmusic/ytmusic/core/data/src/commonMain/kotlin/com/maxrave/data/parser/HomeParser.kt:408:57 Unnecessary safe call on a non-null receiver of type 'ThumbnailRenderer'.
w: file:///D:/codes/ytmusic/ytmusic/core/data/src/commonMain/kotlin/com/maxrave/data/parser/HomeParser.kt:643:13 Unnecessary safe call on a non-null receiver of type 'ThumbnailRenderer'.
w: file:///D:/codes/ytmusic/ytmusic/core/data/src/commonMain/kotlin/com/maxrave/data/parser/HomeParser.kt:679:17 Unnecessary safe call on a non-null receiver of type 'Runs'.
w: file:///D:/codes/ytmusic/ytmusic/core/data/src/commonMain/kotlin/com/maxrave/data/parser/HomeParser.kt:688:17 Unnecessary safe call on a non-null receiver of type 'Runs'.
w: file:///D:/codes/ytmusic/ytmusic/core/data/src/commonMain/kotlin/com/maxrave/data/parser/LibraryPlaylistParser.kt:12:42 Unnecessary safe call on a non-null receiver of type 'NavigationEndpoint'.
w: file:///D:/codes/ytmusic/ytmusic/core/data/src/commonMain/kotlin/com/maxrave/data/parser/LibraryPlaylistParser.kt:20:61 Unnecessary safe call on a non-null receiver of type 'NavigationEndpoint'.
w: file:///D:/codes/ytmusic/ytmusic/core/data/src/commonMain/kotlin/com/maxrave/data/parser/LibraryPlaylistParser.kt:26:37 Unnecessary safe call on a non-null receiver of type 'ThumbnailRenderer'.
w: file:///D:/codes/ytmusic/ytmusic/core/data/src/commonMain/kotlin/com/maxrave/data/parser/LibraryPlaylistParser.kt:32:37 Unnecessary safe call on a non-null receiver of type 'Runs'.
w: file:///D:/codes/ytmusic/ytmusic/core/data/src/commonMain/kotlin/com/maxrave/data/parser/LibraryPlaylistParser.kt:52:45 Unnecessary safe call on a non-null receiver of type 'NavigationEndpoint'.
w: file:///D:/codes/ytmusic/ytmusic/core/data/src/commonMain/kotlin/com/maxrave/data/parser/LibraryPlaylistParser.kt:58:21 Unnecessary safe call on a non-null receiver of type 'ThumbnailRenderer'.
w: file:///D:/codes/ytmusic/ytmusic/core/data/src/commonMain/kotlin/com/maxrave/data/parser/LibraryPlaylistParser.kt:64:21 Unnecessary safe call on a non-null receiver of type 'Runs'.
w: file:///D:/codes/ytmusic/ytmusic/core/data/src/jvmMain/kotlin/com/maxrave/data/mediaservice/JvmMediaPlayerHandlerImpl.kt:376:17 Unnecessary safe call on a non-null receiver of type 'List<Track>'.
w: file:///D:/codes/ytmusic/ytmusic/core/data/src/jvmMain/kotlin/com/maxrave/data/mediaservice/JvmMediaPlayerHandlerImpl.kt:1003:47 Redundant call of conversion method.
w: file:///D:/codes/ytmusic/ytmusic/core/data/src/jvmMain/kotlin/com/maxrave/data/mediaservice/mac/MacOSMediaIntegration.kt:690:23 'constructor(p0: String!): URL' is deprecated. Deprecated in Java.

> Task :data:compileJvmMainJava NO-SOURCE
> Task :data:jvmMainClasses
> Task :data:jvmJar UP-TO-DATE
> Task :composeApp:compileKotlinJvm
w: The argument '-Xmulti-dollar-interpolation' is redundant for the current language version 2.3.
w: The argument '-Xwhen-guards' is redundant for the current language version 2.3.
w: file:///D:/codes/ytmusic/ytmusic/composeApp/src/commonMain/kotlin/com/tridermusic/app/App.kt:465:90 Experimental Haze Materials API
w: file:///D:/codes/ytmusic/ytmusic/composeApp/src/commonMain/kotlin/com/tridermusic/app/ui/component/CollapsingToolbar.kt:246:26 'fun Bitmap.asImageBitmap(): ImageBitmap' is deprecated. Use asComposeImageBitmap.
w: file:///D:/codes/ytmusic/ytmusic/composeApp/src/commonMain/kotlin/com/tridermusic/app/ui/component/LibraryItem.kt:102:13 'when' is exhaustive so 'else' is redundant here.
w: file:///D:/codes/ytmusic/ytmusic/composeApp/src/commonMain/kotlin/com/tridermusic/app/ui/screen/MiniPlayer.kt:450:78 Redundant call of conversion method.
w: file:///D:/codes/ytmusic/ytmusic/composeApp/src/commonMain/kotlin/com/tridermusic/app/ui/screen/MiniPlayer.kt:607:66 Redundant call of conversion method.
w: file:///D:/codes/ytmusic/ytmusic/composeApp/src/commonMain/kotlin/com/tridermusic/app/ui/screen/MiniPlayer.kt:820:66 'val Icons.Outlined.OpenInNew: ImageVector' is deprecated. Use the AutoMirrored version at Icons.AutoMirrored.Outlined.OpenInNew.
w: file:///D:/codes/ytmusic/ytmusic/composeApp/src/commonMain/kotlin/com/tridermusic/app/ui/screen/library/LocalPlaylistScreen.kt:502:42 'fun Bitmap.asImageBitmap(): ImageBitmap' is deprecated. Use asComposeImageBitmap.
w: file:///D:/codes/ytmusic/ytmusic/composeApp/src/commonMain/kotlin/com/tridermusic/app/ui/screen/other/AlbumScreen.kt:269:54 'fun Bitmap.asImageBitmap(): ImageBitmap' is deprecated. Use asComposeImageBitmap.
w: file:///D:/codes/ytmusic/ytmusic/composeApp/src/commonMain/kotlin/com/tridermusic/app/ui/screen/other/PlaylistScreen.kt:408:58 'fun Bitmap.asImageBitmap(): ImageBitmap' is deprecated. Use asComposeImageBitmap.
w: file:///D:/codes/ytmusic/ytmusic/composeApp/src/commonMain/kotlin/com/tridermusic/app/ui/screen/other/PodcastsScreen.kt:244:54 'fun Bitmap.asImageBitmap(): ImageBitmap' is deprecated. Use asComposeImageBitmap.
w: file:///D:/codes/ytmusic/ytmusic/composeApp/src/commonMain/kotlin/com/tridermusic/app/ui/screen/player/NowPlayingScreen.kt:978:54 'fun Bitmap.asImageBitmap(): ImageBitmap' is deprecated. Use asComposeImageBitmap.
w: file:///D:/codes/ytmusic/ytmusic/composeApp/src/commonMain/kotlin/com/tridermusic/app/ui/screen/player/NowPlayingScreen.kt:1565:37 There is more than one label with such a name in this scope.
w: file:///D:/codes/ytmusic/ytmusic/composeApp/src/commonMain/kotlin/com/tridermusic/app/ui/screen/player/NowPlayingScreen.kt:1596:49 There is more than one label with such a name in this scope.
w: file:///D:/codes/ytmusic/ytmusic/composeApp/src/commonMain/kotlin/com/tridermusic/app/ui/screen/player/NowPlayingScreen.kt:1659:29 There is more than one label with such a name in this scope.
w: file:///D:/codes/ytmusic/ytmusic/composeApp/src/commonMain/kotlin/com/tridermusic/app/viewModel/LibraryDynamicPlaylistViewModel.kt:97:17 'when' is exhaustive so 'else' is redundant here.
w: file:///D:/codes/ytmusic/ytmusic/composeApp/src/commonMain/kotlin/com/tridermusic/app/viewModel/SharedViewModel.kt:1184:40 Redundant call of conversion method.
w: file:///D:/codes/ytmusic/ytmusic/composeApp/src/jvmMain/kotlin/com/tridermusic/app/expect/ui/Cookies.jvm.kt:81:1 Annotation `@ParameterName(name = "token")` is missing on actual declaration.
All annotations from expect `com.tridermusic.app.expect.ui.DiscordWebView` must be present with the same arguments on actual `com.tridermusic.app.expect.ui.DiscordWebView`, otherwise they might behave incorrectly.

BUILD SUCCESSFUL in 4m 20s
42 actionable tasks: 39 executed, 3 up-to-date
Configuration cache entry stored.
